1 COMMENT 1
6 COMMENT 5
9 COMMENT 3
13 COMMENT 4
14 COMMENT 1
18 COMMENT 4
Warning nested comment
