1 STRING BASIC STRING
2 STRING other basic string
Error unclosed string
